// Jest Snapshot v1, https://goo.gl/fbAQLP

exports[`SearchHit should render SearchHit successfully 1`] = `
<body>
  <div>
    <div
      class="container"
    >
      <div
        class="rowSpaceBetween"
      >
        <div
          class="titleRow"
        >
          <a
            href="/undefined/bec18f0d-389e-4fa3-970d-23c1196cbe00"
          >
            <h2
              class="title"
            >
              test 2
            </h2>
          </a>
          <div
            class="container utkast"
          >
            <p
              class="text"
            >
              Utkast
            </p>
          </div>
        </div>
        <p
          class="greyFont"
        >
          Brødsmuler - Ikke klart i backend 
        </p>
      </div>
      <div
        class="metaData"
      >
        <p>
          Sist endret
            
        </p>
        <p>
          1/16/2023
        </p>
      </div>
      <div
        class="rowSpaceBetween"
      >
        <div
          class="metaData"
        >
          <p>
            Dette begrepet er under revisjon. Se utkast under versjoner. - Ikke klart i backend
          </p>
        </div>
        <p
          class="greyFont"
        >
          John Doe
        </p>
      </div>
      <p
        class="description"
      >
        anbefalt og definisjon
      </p>
    </div>
  </div>
</body>
`;
