// Jest Snapshot v1, https://goo.gl/fbAQLP

exports[`SearchHit should render SearchHit with undefined input successfully 1`] = `
<body>
  <div>
    <div
      class="container"
    >
      <div
        class="rowSpaceBetween"
      >
        <div
          class="titleRow"
        />
        <p
          class="greyFont subject"
        />
      </div>
      <div
        class="metaData"
      >
        <p>
          Sist endret
            
        </p>
        <p
          class="dot"
        >
          •
        </p>
        <p>
          Ikke publisert
        </p>
      </div>
      <div
        class="rowSpaceBetween"
      />
    </div>
  </div>
</body>
`;
