// Jest Snapshot v1, https://goo.gl/fbAQLP

exports[`SearchHit should render SearchHit with undefined input successfully 1`] = `
<body>
  <div>
    <div
      class="container"
    >
      <div
        class="rowSpaceBetween"
      >
        <div
          class="titleRow"
        >
          <a
            href=""
          >
            <h2
              class="title"
            >
              Uten navn
            </h2>
          </a>
        </div>
      </div>
    </div>
  </div>
</body>
`;
